INFO: =============================
INFO: No matching resources found
INFO: JOBID=1
INFO: =============================
